###############################################################################
#
# IAR ELF Linker V9.10.1.308/W64 for ARM                  21/Jul/2022  14:24:50
# Copyright 2007-2021 IAR Systems AB.
#
#    Output file  =  C:\Users\내컴퓨터\Desktop\졸작1\Debug\Exe\xy.out
#    Map file     =  C:\Users\내컴퓨터\Desktop\졸작1\Debug\List\xy.map
#    Command line =
#        -f C:\Users\내컴퓨터\Desktop\졸작1\Debug\Exe\xy.out.rsp
#        (C:\Users\내컴퓨터\Desktop\졸작1\Debug\Obj\xy\_init.o
#        C:\Users\내컴퓨터\Desktop\졸작1\Debug\Obj\startup_stm32f40_41xxx.o
#        C:\Users\내컴퓨터\Desktop\졸작1\Debug\Obj\stm32f4xx_fsmc.o
#        C:\Users\내컴퓨터\Desktop\졸작1\Debug\Obj\stm32f4xx_gpio.o
#        C:\Users\내컴퓨터\Desktop\졸작1\Debug\Obj\stm32f4xx_rcc.o
#        C:\Users\내컴퓨터\Desktop\졸작1\Debug\Obj\stm32f4xx_spi.o
#        C:\Users\내컴퓨터\Desktop\졸작1\Debug\Obj\system_stm32f4xx.o
#        C:\Users\내컴퓨터\Desktop\졸작1\Debug\Obj\Util.o
#        C:\Users\내컴퓨터\Desktop\졸작1\Debug\Obj\xy\xy_figure.o
#        C:\Users\내컴퓨터\Desktop\졸작1\Debug\Obj\xy\xy_main.o
#        --no_out_extension -o
#        C:\Users\내컴퓨터\Desktop\졸작1\Debug\Exe\xy.out --map
#        C:\Users\내컴퓨터\Desktop\졸작1\Debug\List\xy.map --config
#        C:\Users\내컴퓨터\Desktop\졸작1\Libraries\stm32f4xx_flash.icf
#        --semihosting --entry __iar_program_start --vfe --text_out locale)
#
###############################################################################

*******************************************************************************
*** RUNTIME MODEL ATTRIBUTES
***

CppFlavor       = *
__SystemLibrary = DLib
__dlib_version  = 6


*******************************************************************************
*** HEAP SELECTION
***

The basic heap was selected because some modules are built with
size limitations (and not runtime checking), and --advanced_heap
was not specified.


*******************************************************************************
*** PLACEMENT SUMMARY
***

"A0":  place at address 0x800'0000 { ro section .intvec };
"P1":  place in [from 0x800'0000 to 0x81f'ffff] { ro };
define block CSTACK with size = 1K, alignment = 8 { };
define block HEAP with size = 512, alignment = 8 { };
"P2":  place in [from 0x2000'0000 to 0x2002'ffff] {
          rw, block CSTACK, block HEAP };
initialize by copy { rw };

  Section            Kind         Address      Size  Object
  -------            ----         -------      ----  ------
"A0":                                         0x188
  .intvec            ro code   0x800'0000     0x188  startup_stm32f40_41xxx.o [1]
                             - 0x800'0188     0x188

"P1":                                        0x3c44
  .text              ro code   0x800'0188    0x22bc  xy_figure.o [2]
  .text              ro code   0x800'2444      0x22  S32ToDbl.o [4]
  .text              ro code   0x800'2466      0x2a  copy_init3.o [5]
  .text              ro code   0x800'2490     0x1aa  DblMul.o [4]
  .text              ro code   0x800'263c      0x36  DblToS32.o [4]
  .text              ro code   0x800'2674     0x9b0  _init.o [2]
  .text              ro code   0x800'3024     0x25e  DblAddSub.o [4]
  .text              ro code   0x800'3284      0xf2  sqrt.o [4]
  .text              ro code   0x800'3376       0x8  abs.o [3]
  .text              ro code   0x800'3380     0x246  DblDiv.o [4]
  .text              ro code   0x800'35c8      0x22  DblToU32.o [4]
  .text              ro code   0x800'35ec      0x34  DblCmpLe.o [4]
  .text              ro code   0x800'3620      0x20  DblCmpEq.o [4]
  .text              ro code   0x800'3640     0x3e8  xy_main.o [2]
  .text              ro code   0x800'3a28     0x144  system_stm32f4xx.o [1]
  .text              ro code   0x800'3b6c      0x38  zero_init3.o [5]
  .text              ro code   0x800'3ba4      0x28  data_init.o [5]
  .iar.init_table    const     0x800'3bcc      0x24  - Linker created -
  .text              ro code   0x800'3bf0      0x1e  cmain.o [5]
  .text              ro code   0x800'3c0e       0x4  low_level_init.o [3]
  .text              ro code   0x800'3c12       0x4  exit.o [3]
  .text              ro code   0x800'3c18       0xa  cexit.o [5]
  .text              ro code   0x800'3c24      0x14  exit.o [6]
  .text              ro code   0x800'3c38      0x1c  cstartup_M.o [5]
  .text              ro code   0x800'3c54      0x10  startup_stm32f40_41xxx.o [1]
  Initializer bytes  const     0x800'3c64       0xc  <for P2-1>
  .text              ro code   0x800'3c70       0x4  startup_stm32f40_41xxx.o [1]
  .text              ro code   0x800'3c74       0x4  startup_stm32f40_41xxx.o [1]
  .text              ro code   0x800'3c78       0x4  startup_stm32f40_41xxx.o [1]
  .text              ro code   0x800'3c7c       0x4  startup_stm32f40_41xxx.o [1]
  .text              ro code   0x800'3c80       0x4  startup_stm32f40_41xxx.o [1]
  .text              ro code   0x800'3c84       0x4  startup_stm32f40_41xxx.o [1]
  .text              ro code   0x800'3c88       0x4  startup_stm32f40_41xxx.o [1]
  .text              ro code   0x800'3c8c       0x4  startup_stm32f40_41xxx.o [1]
  .text              ro code   0x800'3c90       0x4  startup_stm32f40_41xxx.o [1]
  .text              ro code   0x800'3c94       0x4  startup_stm32f40_41xxx.o [1]
  .text              ro code   0x800'3c98       0x4  startup_stm32f40_41xxx.o [1]
  .text              ro code   0x800'3c9c       0x4  startup_stm32f40_41xxx.o [1]
  .text              ro code   0x800'3ca0       0x4  startup_stm32f40_41xxx.o [1]
  .text              ro code   0x800'3ca4       0x4  startup_stm32f40_41xxx.o [1]
  .text              ro code   0x800'3ca8       0x4  startup_stm32f40_41xxx.o [1]
  .text              ro code   0x800'3cac       0x4  startup_stm32f40_41xxx.o [1]
  .text              ro code   0x800'3cb0       0x4  startup_stm32f40_41xxx.o [1]
  .text              ro code   0x800'3cb4       0x4  startup_stm32f40_41xxx.o [1]
  .text              ro code   0x800'3cb8       0x4  startup_stm32f40_41xxx.o [1]
  .text              ro code   0x800'3cbc       0x4  startup_stm32f40_41xxx.o [1]
  .text              ro code   0x800'3cc0       0x4  startup_stm32f40_41xxx.o [1]
  .text              ro code   0x800'3cc4       0x4  startup_stm32f40_41xxx.o [1]
  .text              ro code   0x800'3cc8       0x4  startup_stm32f40_41xxx.o [1]
  .text              ro code   0x800'3ccc       0x4  startup_stm32f40_41xxx.o [1]
  .text              ro code   0x800'3cd0       0x4  startup_stm32f40_41xxx.o [1]
  .text              ro code   0x800'3cd4       0x4  startup_stm32f40_41xxx.o [1]
  .text              ro code   0x800'3cd8       0x4  startup_stm32f40_41xxx.o [1]
  .text              ro code   0x800'3cdc       0x4  startup_stm32f40_41xxx.o [1]
  .text              ro code   0x800'3ce0       0x4  startup_stm32f40_41xxx.o [1]
  .text              ro code   0x800'3ce4       0x4  startup_stm32f40_41xxx.o [1]
  .text              ro code   0x800'3ce8       0x4  startup_stm32f40_41xxx.o [1]
  .text              ro code   0x800'3cec       0x4  startup_stm32f40_41xxx.o [1]
  .text              ro code   0x800'3cf0       0x4  startup_stm32f40_41xxx.o [1]
  .text              ro code   0x800'3cf4       0x4  startup_stm32f40_41xxx.o [1]
  .text              ro code   0x800'3cf8       0x4  startup_stm32f40_41xxx.o [1]
  .text              ro code   0x800'3cfc       0x4  startup_stm32f40_41xxx.o [1]
  .text              ro code   0x800'3d00       0x4  startup_stm32f40_41xxx.o [1]
  .text              ro code   0x800'3d04       0x4  startup_stm32f40_41xxx.o [1]
  .text              ro code   0x800'3d08       0x4  startup_stm32f40_41xxx.o [1]
  .text              ro code   0x800'3d0c       0x4  startup_stm32f40_41xxx.o [1]
  .text              ro code   0x800'3d10       0x4  startup_stm32f40_41xxx.o [1]
  .text              ro code   0x800'3d14       0x4  startup_stm32f40_41xxx.o [1]
  .text              ro code   0x800'3d18       0x4  startup_stm32f40_41xxx.o [1]
  .text              ro code   0x800'3d1c       0x4  startup_stm32f40_41xxx.o [1]
  .text              ro code   0x800'3d20       0x4  startup_stm32f40_41xxx.o [1]
  .text              ro code   0x800'3d24       0x4  startup_stm32f40_41xxx.o [1]
  .text              ro code   0x800'3d28       0x4  startup_stm32f40_41xxx.o [1]
  .text              ro code   0x800'3d2c       0x4  startup_stm32f40_41xxx.o [1]
  .text              ro code   0x800'3d30       0x4  startup_stm32f40_41xxx.o [1]
  .text              ro code   0x800'3d34       0x4  startup_stm32f40_41xxx.o [1]
  .text              ro code   0x800'3d38       0x4  startup_stm32f40_41xxx.o [1]
  .text              ro code   0x800'3d3c       0x4  startup_stm32f40_41xxx.o [1]
  .text              ro code   0x800'3d40       0x4  startup_stm32f40_41xxx.o [1]
  .text              ro code   0x800'3d44       0x4  startup_stm32f40_41xxx.o [1]
  .text              ro code   0x800'3d48       0x4  startup_stm32f40_41xxx.o [1]
  .text              ro code   0x800'3d4c       0x4  startup_stm32f40_41xxx.o [1]
  .text              ro code   0x800'3d50       0x4  startup_stm32f40_41xxx.o [1]
  .text              ro code   0x800'3d54       0x4  startup_stm32f40_41xxx.o [1]
  .text              ro code   0x800'3d58       0x4  startup_stm32f40_41xxx.o [1]
  .text              ro code   0x800'3d5c       0x4  startup_stm32f40_41xxx.o [1]
  .text              ro code   0x800'3d60       0x4  startup_stm32f40_41xxx.o [1]
  .text              ro code   0x800'3d64       0x4  startup_stm32f40_41xxx.o [1]
  .text              ro code   0x800'3d68       0x4  startup_stm32f40_41xxx.o [1]
  .text              ro code   0x800'3d6c       0x4  startup_stm32f40_41xxx.o [1]
  .text              ro code   0x800'3d70       0x4  startup_stm32f40_41xxx.o [1]
  .text              ro code   0x800'3d74       0x4  startup_stm32f40_41xxx.o [1]
  .text              ro code   0x800'3d78       0x4  startup_stm32f40_41xxx.o [1]
  .text              ro code   0x800'3d7c       0x4  startup_stm32f40_41xxx.o [1]
  .text              ro code   0x800'3d80       0x4  startup_stm32f40_41xxx.o [1]
  .text              ro code   0x800'3d84       0x4  startup_stm32f40_41xxx.o [1]
  .text              ro code   0x800'3d88       0x4  startup_stm32f40_41xxx.o [1]
  .text              ro code   0x800'3d8c       0x4  startup_stm32f40_41xxx.o [1]
  .text              ro code   0x800'3d90       0x4  startup_stm32f40_41xxx.o [1]
  .text              ro code   0x800'3d94       0x4  startup_stm32f40_41xxx.o [1]
  .text              ro code   0x800'3d98       0x4  startup_stm32f40_41xxx.o [1]
  .text              ro code   0x800'3d9c       0x4  startup_stm32f40_41xxx.o [1]
  .text              ro code   0x800'3da0       0x4  startup_stm32f40_41xxx.o [1]
  .text              ro code   0x800'3da4       0x4  startup_stm32f40_41xxx.o [1]
  .text              ro code   0x800'3da8       0x4  startup_stm32f40_41xxx.o [1]
  .text              ro code   0x800'3dac       0x4  startup_stm32f40_41xxx.o [1]
  .text              ro code   0x800'3db0       0x4  startup_stm32f40_41xxx.o [1]
  .text              ro code   0x800'3db4       0x4  startup_stm32f40_41xxx.o [1]
  .text              ro code   0x800'3db8       0x4  startup_stm32f40_41xxx.o [1]
  .text              ro code   0x800'3dbc       0x4  startup_stm32f40_41xxx.o [1]
  .text              ro code   0x800'3dc0       0x4  startup_stm32f40_41xxx.o [1]
  .text              ro code   0x800'3dc4       0x4  startup_stm32f40_41xxx.o [1]
  .text              ro code   0x800'3dc8       0x4  startup_stm32f40_41xxx.o [1]
  .rodata            const     0x800'3dcc       0x0  zero_init3.o [5]
  .rodata            const     0x800'3dcc       0x0  copy_init3.o [5]
                             - 0x800'3dcc    0x3c44

"P2", part 1 of 3:                              0xc
  P2-1                        0x2000'0000       0xa  <Init block>
    .data            inited   0x2000'0000       0x4  xy_figure.o [2]
    .data            inited   0x2000'0004       0x4  xy_figure.o [2]
    .data            inited   0x2000'0008       0x1  xy_main.o [2]
    .data            inited   0x2000'0009       0x1  xy_main.o [2]
                            - 0x2000'000a       0xa

"P2", part 2 of 3:                         0x1'3814
  .bss               zero     0x2000'000c    0x9c40  xy_main.o [2]
  .bss               zero     0x2000'9c50    0x2580  xy_figure.o [2]
  .bss               zero     0x2000'c1d0    0x2580  xy_figure.o [2]
  .bss               zero     0x2000'e750    0x1f40  xy_figure.o [2]
  .bss               zero     0x2001'0690    0x1f40  xy_figure.o [2]
  .bss               zero     0x2001'25d0     0xfa0  xy_main.o [2]
  .bss               zero     0x2001'3570      0xc8  xy_figure.o [2]
  .bss               zero     0x2001'3638      0xc8  xy_main.o [2]
  .bss               zero     0x2001'3700      0x58  xy_figure.o [2]
  .bss               zero     0x2001'3758      0x58  xy_figure.o [2]
  .bss               zero     0x2001'37b0       0x4  xy_figure.o [2]
  .bss               zero     0x2001'37b4       0x4  xy_figure.o [2]
  .bss               zero     0x2001'37b8       0x4  xy_figure.o [2]
  .bss               zero     0x2001'37bc       0x4  xy_figure.o [2]
  .bss               zero     0x2001'37c0       0x4  xy_figure.o [2]
  .bss               zero     0x2001'37c4       0x4  xy_figure.o [2]
  .bss               zero     0x2001'37c8       0x4  xy_figure.o [2]
  .bss               zero     0x2001'37cc       0x4  xy_figure.o [2]
  .bss               zero     0x2001'37d0       0x4  xy_figure.o [2]
  .bss               zero     0x2001'37d4       0x4  xy_figure.o [2]
  .bss               zero     0x2001'37d8       0x4  xy_figure.o [2]
  .bss               zero     0x2001'37dc       0x4  xy_main.o [2]
  .bss               zero     0x2001'37e0       0x4  xy_main.o [2]
  .bss               zero     0x2001'37e4       0x4  xy_main.o [2]
  .bss               zero     0x2001'37e8       0x4  xy_main.o [2]
  .bss               zero     0x2001'37ec       0x4  xy_main.o [2]
  .bss               zero     0x2001'37f0       0x4  xy_main.o [2]
  .bss               zero     0x2001'37f4       0x4  xy_main.o [2]
  .bss               zero     0x2001'37f8       0x4  xy_main.o [2]
  .bss               zero     0x2001'37fc       0x4  xy_main.o [2]
  .bss               zero     0x2001'3800       0x4  xy_main.o [2]
  .bss               zero     0x2001'3804       0x4  xy_main.o [2]
  .bss               zero     0x2001'3808       0x4  xy_main.o [2]
  .bss               zero     0x2001'380c       0x4  xy_main.o [2]
  .bss               zero     0x2001'3810       0x4  xy_main.o [2]
  .bss               zero     0x2001'3814       0x4  xy_main.o [2]
  .bss               zero     0x2001'3818       0x4  xy_main.o [2]
  .bss               zero     0x2001'381c       0x1  xy_main.o [2]
  .bss               zero     0x2001'381d       0x1  xy_main.o [2]
  .bss               zero     0x2001'381e       0x1  xy_main.o [2]
                            - 0x2001'381f  0x1'3813

"P2", part 3 of 3:                            0x400
  CSTACK                      0x2001'3820     0x400  <Block>
    CSTACK           uninit   0x2001'3820     0x400  <Block tail>
                            - 0x2001'3c20     0x400

Unused ranges:

         From           To       Size
         ----           --       ----
   0x800'3dcc   0x81f'ffff  0x1f'c234
  0x2001'3c20  0x2002'ffff   0x1'c3e0


*******************************************************************************
*** INIT TABLE
***

          Address      Size
          -------      ----
Zero (__iar_zero_init3)
    1 destination range, total size 0x1'3813:
          0x2000'000c  0x1'3813

Copy (__iar_copy_init3)
    1 source range, total size 0xc (120% of destination):
           0x800'3c64       0xc
    1 destination range, total size 0xa:
          0x2000'0000       0xa



*******************************************************************************
*** MODULE SUMMARY
***

    Module                    ro code  ro data  rw data
    ------                    -------  -------  -------
command line/config:
    ---------------------------------------------------
    Total:

C:\Users\내컴퓨터\Desktop\졸작1\Debug\Obj: [1]
    startup_stm32f40_41xxx.o      756
    system_stm32f4xx.o            324
    ---------------------------------------------------
    Total:                      1'080

C:\Users\내컴퓨터\Desktop\졸작1\Debug\Obj\xy: [2]
    _init.o                     2'480
    xy_figure.o                 8'892        8   35'628
    xy_main.o                   1'000        2   44'269
    ---------------------------------------------------
    Total:                     12'372       10   79'897

dl7M_tln.a: [3]
    abs.o                           8
    exit.o                          4
    low_level_init.o                4
    ---------------------------------------------------
    Total:                         16

m7M_tl.a: [4]
    DblAddSub.o                   606
    DblCmpEq.o                     32
    DblCmpLe.o                     52
    DblDiv.o                      582
    DblMul.o                      426
    DblToS32.o                     54
    DblToU32.o                     34
    S32ToDbl.o                     34
    sqrt.o                        242
    ---------------------------------------------------
    Total:                      2'062

rt7M_tl.a: [5]
    cexit.o                        10
    cmain.o                        30
    copy_init3.o                   42
    cstartup_M.o                   28
    data_init.o                    40
    zero_init3.o                   56
    ---------------------------------------------------
    Total:                        206

shb_l.a: [6]
    exit.o                         20
    ---------------------------------------------------
    Total:                         20

    Gaps                           16                 4
    Linker created                          38    1'024
-------------------------------------------------------
    Grand Total:               15'772       48   80'925


*******************************************************************************
*** ENTRY LIST
***

Entry                       Address    Size  Type      Object
-----                       -------    ----  ----      ------
.iar.init_table$$Base    0x800'3bcc           --   Gb  - Linker created -
.iar.init_table$$Limit   0x800'3bf0           --   Gb  - Linker created -
?main                    0x800'3bf1          Code  Gb  cmain.o [5]
B_X                     0x2000'e750  0x1f40  Data  Gb  xy_figure.o [2]
B_Y                     0x2001'0690  0x1f40  Data  Gb  xy_figure.o [2]
Bezier_Coordinate_Make   0x800'0e91   0x2ba  Code  Gb  xy_figure.o [2]
Bezier_Direction         0x800'1b79   0x3a6  Code  Gb  xy_figure.o [2]
Bezier_Straight          0x800'1161   0x9e8  Code  Gb  xy_figure.o [2]
Bezier_X_Coor           0x2001'3700    0x58  Data  Gb  xy_figure.o [2]
Bezier_Y_Coor           0x2001'3758    0x58  Data  Gb  xy_figure.o [2]
CSTACK$$Base            0x2001'3820           --   Gb  - Linker created -
CSTACK$$Limit           0x2001'3c20           --   Gb  - Linker created -
Count_Straight          0x2001'37f8     0x4  Data  Gb  xy_main.o [2]
Data_Check               0x800'1f49   0x49c  Code  Gb  xy_figure.o [2]
DelayMS                  0x800'2e41    0x20  Code  Gb  _init.o [2]
DelayUS                  0x800'2e61    0x1c  Code  Gb  _init.o [2]
Direction                0x800'0b7b   0x2f0  Code  Gb  xy_figure.o [2]
EXTI9_5_IRQHandler       0x800'388f    0x2a  Code  Gb  xy_main.o [2]
Is_Bezier_End           0x2001'3810     0x4  Data  Gb  xy_main.o [2]
Is_Bezier_Make          0x2001'3814     0x4  Data  Gb  xy_main.o [2]
Move_Mode               0x2001'25d0   0xfa0  Data  Gb  xy_main.o [2]
Move_num                0x2001'37d0     0x4  Data  Gb  xy_figure.o [2]
Region$$Table$$Base      0x800'3bcc           --   Gb  - Linker created -
Region$$Table$$Limit     0x800'3bf0           --   Gb  - Linker created -
SetSysClock              0x800'3a6f    0xce  Code  Lc  system_stm32f4xx.o [1]
Straight                 0x800'0189   0x9f2  Code  Gb  xy_figure.o [2]
SystemInit               0x800'3a29    0x46  Code  Gb  system_stm32f4xx.o [1]
TIM1_CC_IRQHandler       0x800'3797    0x7c  Code  Gb  xy_main.o [2]
TIM8_CC_IRQHandler       0x800'3813    0x7c  Code  Gb  xy_main.o [2]
TIMER1_OC_Init           0x800'274b   0x1e4  Code  Gb  _init.o [2]
TIMER4_PWM_Init          0x800'2b25   0x17c  Code  Gb  _init.o [2]
TIMER8_OC_Init           0x800'292f   0x1f6  Code  Gb  _init.o [2]
USART1_IRQHandler        0x800'38b9    0x5e  Code  Gb  xy_main.o [2]
USART1_Init              0x800'2cff    0xd8  Code  Gb  _init.o [2]
USART_BRR_Configuration
                         0x800'2dd7    0x6a  Code  Gb  _init.o [2]
_EXTI_Init               0x800'2ca1    0x5e  Code  Gb  _init.o [2]
_GPIO_Init               0x800'2675    0xd6  Code  Gb  _init.o [2]
__aeabi_cdcmpeq          0x800'3621          Code  Gb  DblCmpEq.o [4]
__aeabi_cdcmple          0x800'35ed          Code  Gb  DblCmpLe.o [4]
__aeabi_d2iz             0x800'263d          Code  Gb  DblToS32.o [4]
__aeabi_d2uiz            0x800'35c9          Code  Gb  DblToU32.o [4]
__aeabi_dadd             0x800'3025          Code  Gb  DblAddSub.o [4]
__aeabi_ddiv             0x800'3381          Code  Gb  DblDiv.o [4]
__aeabi_dmul             0x800'2491          Code  Gb  DblMul.o [4]
__aeabi_dsub             0x800'31a1          Code  Gb  DblAddSub.o [4]
__aeabi_i2d              0x800'2445          Code  Gb  S32ToDbl.o [4]
__cmain                  0x800'3bf1          Code  Gb  cmain.o [5]
__exit                   0x800'3c25    0x14  Code  Gb  exit.o [6]
__iar_copy_init3         0x800'2467    0x2a  Code  Gb  copy_init3.o [5]
__iar_data_init3         0x800'3ba5    0x28  Code  Gb  data_init.o [5]
__iar_program_start      0x800'3c39          Code  Gb  cstartup_M.o [5]
__iar_sqrt64             0x800'3285          Code  Gb  sqrt.o [4]
__iar_zero_init3         0x800'3b6d    0x38  Code  Gb  zero_init3.o [5]
__low_level_init         0x800'3c0f     0x4  Code  Gb  low_level_init.o [3]
__vector_table           0x800'0000          Data  Gb  startup_stm32f40_41xxx.o [1]
_call_main               0x800'3bfd          Code  Gb  cmain.o [5]
_exit                    0x800'3c19          Code  Gb  cexit.o [5]
abs                      0x800'3377     0x8  Code  Gb  abs.o [3]
b_i                     0x2001'3818     0x4  Data  Gb  xy_main.o [2]
b_num                   0x2001'37d8     0x4  Data  Gb  xy_figure.o [2]
bx                      0x2001'37c8     0x4  Data  Gb  xy_figure.o [2]
by                      0x2001'37cc     0x4  Data  Gb  xy_figure.o [2]
check_flag              0x2001'381e     0x1  Data  Gb  xy_main.o [2]
exit                     0x800'3c13     0x4  Code  Gb  exit.o [3]
i                       0x2001'37b0     0x4  Data  Gb  xy_figure.o [2]
j                       0x2001'37f0     0x4  Data  Gb  xy_main.o [2]
k                       0x2001'37ec     0x4  Data  Gb  xy_main.o [2]
l_i                     0x2001'37bc     0x4  Data  Gb  xy_figure.o [2]
laser_check             0x2001'3638    0xc8  Data  Gb  xy_main.o [2]
laser_power             0x2001'3570    0xc8  Data  Gb  xy_figure.o [2]
main                     0x800'3641   0x156  Code  Gb  xy_main.o [2]
motor_arr               0x2000'0000     0x4  Data  Gb  xy_figure.o [2]
move_flag               0x2001'381d     0x1  Data  Gb  xy_main.o [2]
o                       0x2001'37b4     0x4  Data  Gb  xy_figure.o [2]
p                       0x2001'37b8     0x4  Data  Gb  xy_figure.o [2]
resolution              0x2000'0004     0x4  Data  Gb  xy_figure.o [2]
save_data               0x2000'000c  0x9c40  Data  Gb  xy_main.o [2]
sqrt                     0x800'3285          Code  Gb  sqrt.o [4]
sqrtl                    0x800'3285          Code  Gb  sqrt.o [4]
t_count                 0x2001'37d4     0x4  Data  Gb  xy_figure.o [2]
t_i                     0x2001'37fc     0x4  Data  Gb  xy_main.o [2]
usart_count             0x2001'37f4     0x4  Data  Gb  xy_main.o [2]
vector_data             0x2001'381c     0x1  Data  Gb  xy_main.o [2]
velo_x                  0x2001'37c0     0x4  Data  Gb  xy_figure.o [2]
velo_y                  0x2001'37c4     0x4  Data  Gb  xy_figure.o [2]
x_cur                   0x2001'37dc     0x4  Data  Gb  xy_main.o [2]
x_dir                   0x2000'0008     0x1  Data  Gb  xy_main.o [2]
x_flag                  0x2001'3800     0x4  Data  Gb  xy_main.o [2]
x_goal                  0x2001'37e0     0x4  Data  Gb  xy_main.o [2]
x_home                  0x2001'3808     0x4  Data  Gb  xy_main.o [2]
x_left                   0x800'2ec1     0xe  Code  Gb  _init.o [2]
x_num                   0x2000'9c50  0x2580  Data  Gb  xy_figure.o [2]
x_right                  0x800'2eb3     0xe  Code  Gb  _init.o [2]
x_start                  0x800'2e99    0x1a  Code  Gb  _init.o [2]
x_stop                   0x800'2e7d    0x1c  Code  Gb  _init.o [2]
xy_Home_Search           0x800'3917    0x94  Code  Gb  xy_main.o [2]
y_cur                   0x2001'37e4     0x4  Data  Gb  xy_main.o [2]
y_dir                   0x2000'0009     0x1  Data  Gb  xy_main.o [2]
y_down                   0x800'2f13     0xe  Code  Gb  _init.o [2]
y_flag                  0x2001'3804     0x4  Data  Gb  xy_main.o [2]
y_goal                  0x2001'37e8     0x4  Data  Gb  xy_main.o [2]
y_home                  0x2001'380c     0x4  Data  Gb  xy_main.o [2]
y_num                   0x2000'c1d0  0x2580  Data  Gb  xy_figure.o [2]
y_start                  0x800'2eeb    0x1a  Code  Gb  _init.o [2]
y_stop                   0x800'2ecf    0x1c  Code  Gb  _init.o [2]
y_up                     0x800'2f05     0xe  Code  Gb  _init.o [2]


[1] = C:\Users\내컴퓨터\Desktop\졸작1\Debug\Obj
[2] = C:\Users\내컴퓨터\Desktop\졸작1\Debug\Obj\xy
[3] = dl7M_tln.a
[4] = m7M_tl.a
[5] = rt7M_tl.a
[6] = shb_l.a

  15'772 bytes of readonly  code memory
      48 bytes of readonly  data memory
  80'925 bytes of readwrite data memory

Errors: none
Warnings: none
