###############################################################################
#
# IAR ELF Linker V9.10.1.308/W64 for ARM                  19/Jul/2022  18:31:26
# Copyright 2007-2021 IAR Systems AB.
#
#    Output file  =  C:\Users\내컴퓨터\Desktop\졸작1\Debug\Exe\xy.out
#    Map file     =  C:\Users\내컴퓨터\Desktop\졸작1\Debug\List\xy.map
#    Command line =
#        -f C:\Users\내컴퓨터\Desktop\졸작1\Debug\Exe\xy.out.rsp
#        (C:\Users\내컴퓨터\Desktop\졸작1\Debug\Obj\xy\_init.o
#        C:\Users\내컴퓨터\Desktop\졸작1\Debug\Obj\startup_stm32f40_41xxx.o
#        C:\Users\내컴퓨터\Desktop\졸작1\Debug\Obj\stm32f4xx_fsmc.o
#        C:\Users\내컴퓨터\Desktop\졸작1\Debug\Obj\stm32f4xx_gpio.o
#        C:\Users\내컴퓨터\Desktop\졸작1\Debug\Obj\stm32f4xx_rcc.o
#        C:\Users\내컴퓨터\Desktop\졸작1\Debug\Obj\stm32f4xx_spi.o
#        C:\Users\내컴퓨터\Desktop\졸작1\Debug\Obj\system_stm32f4xx.o
#        C:\Users\내컴퓨터\Desktop\졸작1\Debug\Obj\Util.o
#        C:\Users\내컴퓨터\Desktop\졸작1\Debug\Obj\xy\xy_figure.o
#        C:\Users\내컴퓨터\Desktop\졸작1\Debug\Obj\xy\xy_main.o
#        --no_out_extension -o
#        C:\Users\내컴퓨터\Desktop\졸작1\Debug\Exe\xy.out --map
#        C:\Users\내컴퓨터\Desktop\졸작1\Debug\List\xy.map --config
#        C:\Users\내컴퓨터\Desktop\졸작1\Libraries\stm32f4xx_flash.icf
#        --semihosting --entry __iar_program_start --vfe --text_out locale)
#
###############################################################################

*******************************************************************************
*** RUNTIME MODEL ATTRIBUTES
***

CppFlavor       = *
__SystemLibrary = DLib
__dlib_version  = 6


*******************************************************************************
*** HEAP SELECTION
***

The basic heap was selected because some modules are built with
size limitations (and not runtime checking), and --advanced_heap
was not specified.


*******************************************************************************
*** PLACEMENT SUMMARY
***

"A0":  place at address 0x800'0000 { ro section .intvec };
"P1":  place in [from 0x800'0000 to 0x81f'ffff] { ro };
define block CSTACK with size = 1K, alignment = 8 { };
define block HEAP with size = 512, alignment = 8 { };
"P2":  place in [from 0x2000'0000 to 0x2002'ffff] {
          rw, block CSTACK, block HEAP };
initialize by copy { rw };

  Section            Kind         Address    Size  Object
  -------            ----         -------    ----  ------
"A0":                                       0x188
  .intvec            ro code   0x800'0000   0x188  startup_stm32f40_41xxx.o [1]
                             - 0x800'0188   0x188

"P1":                                      0x27e0
  .text              ro code   0x800'0188   0xee0  xy_figure.o [2]
  .text              ro code   0x800'1068    0x22  S32ToDbl.o [4]
  .text              ro code   0x800'108a    0x2a  copy_init3.o [5]
  .text              ro code   0x800'10b4   0x1aa  DblMul.o [4]
  .text              ro code   0x800'1260    0x36  DblToS32.o [4]
  .text              ro code   0x800'1298   0x9b0  _init.o [2]
  .text              ro code   0x800'1c48   0x25e  DblAddSub.o [4]
  .text              ro code   0x800'1ea8    0xf2  sqrt.o [4]
  .text              ro code   0x800'1f9a     0x8  abs.o [3]
  .text              ro code   0x800'1fa4   0x246  DblDiv.o [4]
  .text              ro code   0x800'21ec    0x22  DblToU32.o [4]
  .text              ro code   0x800'2210    0x34  DblCmpLe.o [4]
  .text              ro code   0x800'2244    0x20  DblCmpEq.o [4]
  .text              ro code   0x800'2264   0x360  xy_main.o [2]
  .text              ro code   0x800'25c4   0x144  system_stm32f4xx.o [1]
  .text              ro code   0x800'2708    0x38  zero_init3.o [5]
  .text              ro code   0x800'2740    0x28  data_init.o [5]
  .iar.init_table    const     0x800'2768    0x24  - Linker created -
  .text              ro code   0x800'278c    0x1e  cmain.o [5]
  .text              ro code   0x800'27aa     0x4  low_level_init.o [3]
  .text              ro code   0x800'27ae     0x4  exit.o [3]
  .text              ro code   0x800'27b4     0xa  cexit.o [5]
  .text              ro code   0x800'27c0    0x14  exit.o [6]
  .text              ro code   0x800'27d4    0x1c  cstartup_M.o [5]
  .text              ro code   0x800'27f0    0x10  startup_stm32f40_41xxx.o [1]
  Initializer bytes  const     0x800'2800     0xc  <for P2-1>
  .text              ro code   0x800'280c     0x4  startup_stm32f40_41xxx.o [1]
  .text              ro code   0x800'2810     0x4  startup_stm32f40_41xxx.o [1]
  .text              ro code   0x800'2814     0x4  startup_stm32f40_41xxx.o [1]
  .text              ro code   0x800'2818     0x4  startup_stm32f40_41xxx.o [1]
  .text              ro code   0x800'281c     0x4  startup_stm32f40_41xxx.o [1]
  .text              ro code   0x800'2820     0x4  startup_stm32f40_41xxx.o [1]
  .text              ro code   0x800'2824     0x4  startup_stm32f40_41xxx.o [1]
  .text              ro code   0x800'2828     0x4  startup_stm32f40_41xxx.o [1]
  .text              ro code   0x800'282c     0x4  startup_stm32f40_41xxx.o [1]
  .text              ro code   0x800'2830     0x4  startup_stm32f40_41xxx.o [1]
  .text              ro code   0x800'2834     0x4  startup_stm32f40_41xxx.o [1]
  .text              ro code   0x800'2838     0x4  startup_stm32f40_41xxx.o [1]
  .text              ro code   0x800'283c     0x4  startup_stm32f40_41xxx.o [1]
  .text              ro code   0x800'2840     0x4  startup_stm32f40_41xxx.o [1]
  .text              ro code   0x800'2844     0x4  startup_stm32f40_41xxx.o [1]
  .text              ro code   0x800'2848     0x4  startup_stm32f40_41xxx.o [1]
  .text              ro code   0x800'284c     0x4  startup_stm32f40_41xxx.o [1]
  .text              ro code   0x800'2850     0x4  startup_stm32f40_41xxx.o [1]
  .text              ro code   0x800'2854     0x4  startup_stm32f40_41xxx.o [1]
  .text              ro code   0x800'2858     0x4  startup_stm32f40_41xxx.o [1]
  .text              ro code   0x800'285c     0x4  startup_stm32f40_41xxx.o [1]
  .text              ro code   0x800'2860     0x4  startup_stm32f40_41xxx.o [1]
  .text              ro code   0x800'2864     0x4  startup_stm32f40_41xxx.o [1]
  .text              ro code   0x800'2868     0x4  startup_stm32f40_41xxx.o [1]
  .text              ro code   0x800'286c     0x4  startup_stm32f40_41xxx.o [1]
  .text              ro code   0x800'2870     0x4  startup_stm32f40_41xxx.o [1]
  .text              ro code   0x800'2874     0x4  startup_stm32f40_41xxx.o [1]
  .text              ro code   0x800'2878     0x4  startup_stm32f40_41xxx.o [1]
  .text              ro code   0x800'287c     0x4  startup_stm32f40_41xxx.o [1]
  .text              ro code   0x800'2880     0x4  startup_stm32f40_41xxx.o [1]
  .text              ro code   0x800'2884     0x4  startup_stm32f40_41xxx.o [1]
  .text              ro code   0x800'2888     0x4  startup_stm32f40_41xxx.o [1]
  .text              ro code   0x800'288c     0x4  startup_stm32f40_41xxx.o [1]
  .text              ro code   0x800'2890     0x4  startup_stm32f40_41xxx.o [1]
  .text              ro code   0x800'2894     0x4  startup_stm32f40_41xxx.o [1]
  .text              ro code   0x800'2898     0x4  startup_stm32f40_41xxx.o [1]
  .text              ro code   0x800'289c     0x4  startup_stm32f40_41xxx.o [1]
  .text              ro code   0x800'28a0     0x4  startup_stm32f40_41xxx.o [1]
  .text              ro code   0x800'28a4     0x4  startup_stm32f40_41xxx.o [1]
  .text              ro code   0x800'28a8     0x4  startup_stm32f40_41xxx.o [1]
  .text              ro code   0x800'28ac     0x4  startup_stm32f40_41xxx.o [1]
  .text              ro code   0x800'28b0     0x4  startup_stm32f40_41xxx.o [1]
  .text              ro code   0x800'28b4     0x4  startup_stm32f40_41xxx.o [1]
  .text              ro code   0x800'28b8     0x4  startup_stm32f40_41xxx.o [1]
  .text              ro code   0x800'28bc     0x4  startup_stm32f40_41xxx.o [1]
  .text              ro code   0x800'28c0     0x4  startup_stm32f40_41xxx.o [1]
  .text              ro code   0x800'28c4     0x4  startup_stm32f40_41xxx.o [1]
  .text              ro code   0x800'28c8     0x4  startup_stm32f40_41xxx.o [1]
  .text              ro code   0x800'28cc     0x4  startup_stm32f40_41xxx.o [1]
  .text              ro code   0x800'28d0     0x4  startup_stm32f40_41xxx.o [1]
  .text              ro code   0x800'28d4     0x4  startup_stm32f40_41xxx.o [1]
  .text              ro code   0x800'28d8     0x4  startup_stm32f40_41xxx.o [1]
  .text              ro code   0x800'28dc     0x4  startup_stm32f40_41xxx.o [1]
  .text              ro code   0x800'28e0     0x4  startup_stm32f40_41xxx.o [1]
  .text              ro code   0x800'28e4     0x4  startup_stm32f40_41xxx.o [1]
  .text              ro code   0x800'28e8     0x4  startup_stm32f40_41xxx.o [1]
  .text              ro code   0x800'28ec     0x4  startup_stm32f40_41xxx.o [1]
  .text              ro code   0x800'28f0     0x4  startup_stm32f40_41xxx.o [1]
  .text              ro code   0x800'28f4     0x4  startup_stm32f40_41xxx.o [1]
  .text              ro code   0x800'28f8     0x4  startup_stm32f40_41xxx.o [1]
  .text              ro code   0x800'28fc     0x4  startup_stm32f40_41xxx.o [1]
  .text              ro code   0x800'2900     0x4  startup_stm32f40_41xxx.o [1]
  .text              ro code   0x800'2904     0x4  startup_stm32f40_41xxx.o [1]
  .text              ro code   0x800'2908     0x4  startup_stm32f40_41xxx.o [1]
  .text              ro code   0x800'290c     0x4  startup_stm32f40_41xxx.o [1]
  .text              ro code   0x800'2910     0x4  startup_stm32f40_41xxx.o [1]
  .text              ro code   0x800'2914     0x4  startup_stm32f40_41xxx.o [1]
  .text              ro code   0x800'2918     0x4  startup_stm32f40_41xxx.o [1]
  .text              ro code   0x800'291c     0x4  startup_stm32f40_41xxx.o [1]
  .text              ro code   0x800'2920     0x4  startup_stm32f40_41xxx.o [1]
  .text              ro code   0x800'2924     0x4  startup_stm32f40_41xxx.o [1]
  .text              ro code   0x800'2928     0x4  startup_stm32f40_41xxx.o [1]
  .text              ro code   0x800'292c     0x4  startup_stm32f40_41xxx.o [1]
  .text              ro code   0x800'2930     0x4  startup_stm32f40_41xxx.o [1]
  .text              ro code   0x800'2934     0x4  startup_stm32f40_41xxx.o [1]
  .text              ro code   0x800'2938     0x4  startup_stm32f40_41xxx.o [1]
  .text              ro code   0x800'293c     0x4  startup_stm32f40_41xxx.o [1]
  .text              ro code   0x800'2940     0x4  startup_stm32f40_41xxx.o [1]
  .text              ro code   0x800'2944     0x4  startup_stm32f40_41xxx.o [1]
  .text              ro code   0x800'2948     0x4  startup_stm32f40_41xxx.o [1]
  .text              ro code   0x800'294c     0x4  startup_stm32f40_41xxx.o [1]
  .text              ro code   0x800'2950     0x4  startup_stm32f40_41xxx.o [1]
  .text              ro code   0x800'2954     0x4  startup_stm32f40_41xxx.o [1]
  .text              ro code   0x800'2958     0x4  startup_stm32f40_41xxx.o [1]
  .text              ro code   0x800'295c     0x4  startup_stm32f40_41xxx.o [1]
  .text              ro code   0x800'2960     0x4  startup_stm32f40_41xxx.o [1]
  .text              ro code   0x800'2964     0x4  startup_stm32f40_41xxx.o [1]
  .rodata            const     0x800'2968     0x0  zero_init3.o [5]
  .rodata            const     0x800'2968     0x0  copy_init3.o [5]
                             - 0x800'2968  0x27e0

"P2", part 1 of 3:                            0xc
  P2-1                        0x2000'0000     0xa  <Init block>
    .data            inited   0x2000'0000     0x4  xy_figure.o [2]
    .data            inited   0x2000'0004     0x4  xy_figure.o [2]
    .data            inited   0x2000'0008     0x1  xy_main.o [2]
    .data            inited   0x2000'0009     0x1  xy_main.o [2]
                            - 0x2000'000a     0xa

"P2", part 2 of 3:                         0x8850
  .bss               zero     0x2000'000c  0x4e20  xy_main.o [2]
  .bss               zero     0x2000'4e2c   0xfa0  xy_figure.o [2]
  .bss               zero     0x2000'5dcc   0xfa0  xy_figure.o [2]
  .bss               zero     0x2000'6d70   0xc80  xy_figure.o [2]
  .bss               zero     0x2000'79f0   0xc80  xy_figure.o [2]
  .bss               zero     0x2000'8670    0xc8  xy_figure.o [2]
  .bss               zero     0x2000'8738    0xc8  xy_main.o [2]
  .bss               zero     0x2000'8800     0x4  xy_figure.o [2]
  .bss               zero     0x2000'8804     0x4  xy_figure.o [2]
  .bss               zero     0x2000'8808     0x4  xy_figure.o [2]
  .bss               zero     0x2000'880c     0x4  xy_figure.o [2]
  .bss               zero     0x2000'8810     0x4  xy_figure.o [2]
  .bss               zero     0x2000'8814     0x4  xy_figure.o [2]
  .bss               zero     0x2000'8818     0x4  xy_figure.o [2]
  .bss               zero     0x2000'881c     0x4  xy_figure.o [2]
  .bss               zero     0x2000'8820     0x4  xy_figure.o [2]
  .bss               zero     0x2000'8824     0x4  xy_main.o [2]
  .bss               zero     0x2000'8828     0x4  xy_main.o [2]
  .bss               zero     0x2000'882c     0x4  xy_main.o [2]
  .bss               zero     0x2000'8830     0x4  xy_main.o [2]
  .bss               zero     0x2000'8834     0x4  xy_main.o [2]
  .bss               zero     0x2000'8838     0x4  xy_main.o [2]
  .bss               zero     0x2000'883c     0x4  xy_main.o [2]
  .bss               zero     0x2000'8840     0x4  xy_main.o [2]
  .bss               zero     0x2000'8844     0x4  xy_main.o [2]
  .bss               zero     0x2000'8848     0x4  xy_main.o [2]
  .bss               zero     0x2000'884c     0x4  xy_main.o [2]
  .bss               zero     0x2000'8850     0x4  xy_main.o [2]
  .bss               zero     0x2000'8854     0x4  xy_main.o [2]
  .bss               zero     0x2000'8858     0x1  xy_main.o [2]
  .bss               zero     0x2000'8859     0x1  xy_main.o [2]
  .bss               zero     0x2000'885a     0x1  xy_main.o [2]
                            - 0x2000'885b  0x884f

"P2", part 3 of 3:                          0x400
  CSTACK                      0x2000'8860   0x400  <Block>
    CSTACK           uninit   0x2000'8860   0x400  <Block tail>
                            - 0x2000'8c60   0x400

Unused ranges:

         From           To       Size
         ----           --       ----
   0x800'2968   0x81f'ffff  0x1f'd698
  0x2000'885c  0x2000'885f        0x4
  0x2000'8c60  0x2002'ffff   0x2'73a0


*******************************************************************************
*** INIT TABLE
***

          Address      Size
          -------      ----
Zero (__iar_zero_init3)
    1 destination range, total size 0x884f:
          0x2000'000c  0x884f

Copy (__iar_copy_init3)
    1 source range, total size 0xc (120% of destination):
           0x800'2800     0xc
    1 destination range, total size 0xa:
          0x2000'0000     0xa



*******************************************************************************
*** MODULE SUMMARY
***

    Module                    ro code  ro data  rw data
    ------                    -------  -------  -------
command line/config:
    ---------------------------------------------------
    Total:

C:\Users\내컴퓨터\Desktop\졸작1\Debug\Obj: [1]
    startup_stm32f40_41xxx.o      756
    system_stm32f4xx.o            324
    ---------------------------------------------------
    Total:                      1'080

C:\Users\내컴퓨터\Desktop\졸작1\Debug\Obj\xy: [2]
    _init.o                     2'480
    xy_figure.o                 3'808        8   14'644
    xy_main.o                     864        2   20'257
    ---------------------------------------------------
    Total:                      7'152       10   34'901

dl7M_tln.a: [3]
    abs.o                           8
    exit.o                          4
    low_level_init.o                4
    ---------------------------------------------------
    Total:                         16

m7M_tl.a: [4]
    DblAddSub.o                   606
    DblCmpEq.o                     32
    DblCmpLe.o                     52
    DblDiv.o                      582
    DblMul.o                      426
    DblToS32.o                     54
    DblToU32.o                     34
    S32ToDbl.o                     34
    sqrt.o                        242
    ---------------------------------------------------
    Total:                      2'062

rt7M_tl.a: [5]
    cexit.o                        10
    cmain.o                        30
    copy_init3.o                   42
    cstartup_M.o                   28
    data_init.o                    40
    zero_init3.o                   56
    ---------------------------------------------------
    Total:                        206

shb_l.a: [6]
    exit.o                         20
    ---------------------------------------------------
    Total:                         20

    Gaps                           16                 4
    Linker created                          38    1'024
-------------------------------------------------------
    Grand Total:               10'552       48   35'929


*******************************************************************************
*** ENTRY LIST
***

Entry                       Address    Size  Type      Object
-----                       -------    ----  ----      ------
.iar.init_table$$Base    0x800'2768           --   Gb  - Linker created -
.iar.init_table$$Limit   0x800'278c           --   Gb  - Linker created -
?main                    0x800'278d          Code  Gb  cmain.o [5]
Bezier_Move             0x2000'4e2c   0xfa0  Data  Gb  xy_figure.o [2]
Bezier_Turn             0x2000'8818     0x4  Data  Gb  xy_figure.o [2]
CSTACK$$Base            0x2000'8860           --   Gb  - Linker created -
CSTACK$$Limit           0x2000'8c60           --   Gb  - Linker created -
Count_Bezier            0x2000'881c     0x4  Data  Gb  xy_figure.o [2]
Count_Straight          0x2000'8840     0x4  Data  Gb  xy_main.o [2]
Data_Check               0x800'0ec5   0x148  Code  Gb  xy_figure.o [2]
DelayMS                  0x800'1a65    0x20  Code  Gb  _init.o [2]
DelayUS                  0x800'1a85    0x1c  Code  Gb  _init.o [2]
Direction                0x800'0b7b   0x32c  Code  Gb  xy_figure.o [2]
EXTI9_5_IRQHandler       0x800'243b    0x2a  Code  Gb  xy_main.o [2]
Move_Mode               0x2000'5dcc   0xfa0  Data  Gb  xy_figure.o [2]
Move_num                0x2000'8820     0x4  Data  Gb  xy_figure.o [2]
Region$$Table$$Base      0x800'2768           --   Gb  - Linker created -
Region$$Table$$Limit     0x800'278c           --   Gb  - Linker created -
SetSysClock              0x800'260b    0xce  Code  Lc  system_stm32f4xx.o [1]
Straight                 0x800'0189   0x9f2  Code  Gb  xy_figure.o [2]
SystemInit               0x800'25c5    0x46  Code  Gb  system_stm32f4xx.o [1]
TIM1_CC_IRQHandler       0x800'2343    0x7c  Code  Gb  xy_main.o [2]
TIM8_CC_IRQHandler       0x800'23bf    0x7c  Code  Gb  xy_main.o [2]
TIMER1_OC_Init           0x800'136f   0x1e4  Code  Gb  _init.o [2]
TIMER4_PWM_Init          0x800'1749   0x17c  Code  Gb  _init.o [2]
TIMER8_OC_Init           0x800'1553   0x1f6  Code  Gb  _init.o [2]
USART1_IRQHandler        0x800'2465    0x5e  Code  Gb  xy_main.o [2]
USART1_Init              0x800'1923    0xd8  Code  Gb  _init.o [2]
USART_BRR_Configuration
                         0x800'19fb    0x6a  Code  Gb  _init.o [2]
_EXTI_Init               0x800'18c5    0x5e  Code  Gb  _init.o [2]
_GPIO_Init               0x800'1299    0xd6  Code  Gb  _init.o [2]
__aeabi_cdcmpeq          0x800'2245          Code  Gb  DblCmpEq.o [4]
__aeabi_cdcmple          0x800'2211          Code  Gb  DblCmpLe.o [4]
__aeabi_d2iz             0x800'1261          Code  Gb  DblToS32.o [4]
__aeabi_d2uiz            0x800'21ed          Code  Gb  DblToU32.o [4]
__aeabi_dadd             0x800'1c49          Code  Gb  DblAddSub.o [4]
__aeabi_ddiv             0x800'1fa5          Code  Gb  DblDiv.o [4]
__aeabi_dmul             0x800'10b5          Code  Gb  DblMul.o [4]
__aeabi_dsub             0x800'1dc5          Code  Gb  DblAddSub.o [4]
__aeabi_i2d              0x800'1069          Code  Gb  S32ToDbl.o [4]
__cmain                  0x800'278d          Code  Gb  cmain.o [5]
__exit                   0x800'27c1    0x14  Code  Gb  exit.o [6]
__iar_copy_init3         0x800'108b    0x2a  Code  Gb  copy_init3.o [5]
__iar_data_init3         0x800'2741    0x28  Code  Gb  data_init.o [5]
__iar_program_start      0x800'27d5          Code  Gb  cstartup_M.o [5]
__iar_sqrt64             0x800'1ea9          Code  Gb  sqrt.o [4]
__iar_zero_init3         0x800'2709    0x38  Code  Gb  zero_init3.o [5]
__low_level_init         0x800'27ab     0x4  Code  Gb  low_level_init.o [3]
__vector_table           0x800'0000          Data  Gb  startup_stm32f40_41xxx.o [1]
_call_main               0x800'2799          Code  Gb  cmain.o [5]
_exit                    0x800'27b5          Code  Gb  cexit.o [5]
abs                      0x800'1f9b     0x8  Code  Gb  abs.o [3]
check_flag              0x2000'885a     0x1  Data  Gb  xy_main.o [2]
exit                     0x800'27af     0x4  Code  Gb  exit.o [3]
i                       0x2000'8800     0x4  Data  Gb  xy_figure.o [2]
j                       0x2000'8838     0x4  Data  Gb  xy_main.o [2]
k                       0x2000'8834     0x4  Data  Gb  xy_main.o [2]
l_i                     0x2000'880c     0x4  Data  Gb  xy_figure.o [2]
laser_check             0x2000'8738    0xc8  Data  Gb  xy_main.o [2]
laser_power             0x2000'8670    0xc8  Data  Gb  xy_figure.o [2]
main                     0x800'2265    0xde  Code  Gb  xy_main.o [2]
motor_arr               0x2000'0000     0x4  Data  Gb  xy_figure.o [2]
move_flag               0x2000'8859     0x1  Data  Gb  xy_main.o [2]
o                       0x2000'8804     0x4  Data  Gb  xy_figure.o [2]
p                       0x2000'8808     0x4  Data  Gb  xy_figure.o [2]
resolution              0x2000'0004     0x4  Data  Gb  xy_figure.o [2]
save_data               0x2000'000c  0x4e20  Data  Gb  xy_main.o [2]
sqrt                     0x800'1ea9          Code  Gb  sqrt.o [4]
sqrtl                    0x800'1ea9          Code  Gb  sqrt.o [4]
t_i                     0x2000'8844     0x4  Data  Gb  xy_main.o [2]
usart_count             0x2000'883c     0x4  Data  Gb  xy_main.o [2]
vector_data             0x2000'8858     0x1  Data  Gb  xy_main.o [2]
velo_x                  0x2000'8810     0x4  Data  Gb  xy_figure.o [2]
velo_y                  0x2000'8814     0x4  Data  Gb  xy_figure.o [2]
x_cur                   0x2000'8824     0x4  Data  Gb  xy_main.o [2]
x_dir                   0x2000'0008     0x1  Data  Gb  xy_main.o [2]
x_flag                  0x2000'8848     0x4  Data  Gb  xy_main.o [2]
x_goal                  0x2000'8828     0x4  Data  Gb  xy_main.o [2]
x_home                  0x2000'8850     0x4  Data  Gb  xy_main.o [2]
x_left                   0x800'1ae5     0xe  Code  Gb  _init.o [2]
x_num                   0x2000'6d70   0xc80  Data  Gb  xy_figure.o [2]
x_right                  0x800'1ad7     0xe  Code  Gb  _init.o [2]
x_start                  0x800'1abd    0x1a  Code  Gb  _init.o [2]
x_stop                   0x800'1aa1    0x1c  Code  Gb  _init.o [2]
xy_Home_Search           0x800'24c3    0x94  Code  Gb  xy_main.o [2]
y_cur                   0x2000'882c     0x4  Data  Gb  xy_main.o [2]
y_dir                   0x2000'0009     0x1  Data  Gb  xy_main.o [2]
y_down                   0x800'1b37     0xe  Code  Gb  _init.o [2]
y_flag                  0x2000'884c     0x4  Data  Gb  xy_main.o [2]
y_goal                  0x2000'8830     0x4  Data  Gb  xy_main.o [2]
y_home                  0x2000'8854     0x4  Data  Gb  xy_main.o [2]
y_num                   0x2000'79f0   0xc80  Data  Gb  xy_figure.o [2]
y_start                  0x800'1b0f    0x1a  Code  Gb  _init.o [2]
y_stop                   0x800'1af3    0x1c  Code  Gb  _init.o [2]
y_up                     0x800'1b29     0xe  Code  Gb  _init.o [2]


[1] = C:\Users\내컴퓨터\Desktop\졸작1\Debug\Obj
[2] = C:\Users\내컴퓨터\Desktop\졸작1\Debug\Obj\xy
[3] = dl7M_tln.a
[4] = m7M_tl.a
[5] = rt7M_tl.a
[6] = shb_l.a

  10'552 bytes of readonly  code memory
      48 bytes of readonly  data memory
  35'929 bytes of readwrite data memory

Errors: none
Warnings: none
